Archive member included to satisfy reference by file (symbol)

/usr/lib/gcc/arm-none-eabi/4.9.2/../../../../arm-none-eabi/lib/libg.a(lib_a-errno.o)
                              build/arm/syscalls.o (__errno)
/usr/lib/gcc/arm-none-eabi/4.9.2/../../../../arm-none-eabi/lib/libg.a(lib_a-impure.o)
                              /usr/lib/gcc/arm-none-eabi/4.9.2/../../../../arm-none-eabi/lib/libg.a(lib_a-errno.o) (_impure_ptr)
/usr/lib/gcc/arm-none-eabi/4.9.2/../../../../arm-none-eabi/lib/libg.a(lib_a-init.o)
                              build/arm/startup_XMC4500.o (__libc_init_array)
/usr/lib/gcc/arm-none-eabi/4.9.2/../../../../arm-none-eabi/lib/libg.a(lib_a-memcpy-stub.o)
                              build/arm/xmc_eth_mac.o (memcpy)
/usr/lib/gcc/arm-none-eabi/4.9.2/../../../../arm-none-eabi/lib/libg.a(lib_a-memset.o)
                              build/arm/xmc_usbd.o (memset)

Allocating common symbols
Common symbol       size              file

dma0_event_handlers
                    0x20              build/arm/xmc_dma.o
dma1_event_handlers
                    0x10              build/arm/xmc_dma.o
event_handler_list  0x80              build/arm/xmc4_scu.o
usbd_init           0x4               build/arm/xmc_usbd.o
xmc_device          0x208             build/arm/xmc_usbd.o

Discarded input sections

 .text          0x0000000000000000        0x0 build/arm/main.o
 .data          0x0000000000000000        0x0 build/arm/main.o
 .bss           0x0000000000000000        0x0 build/arm/main.o
 .comment       0x0000000000000000       0x39 build/arm/main.o
 .text          0x0000000000000000        0x0 build/arm/led_module.o
 .data          0x0000000000000000        0x0 build/arm/led_module.o
 .bss           0x0000000000000000        0x0 build/arm/led_module.o
 .rodata.LED_conf
                0x0000000000000000        0xc build/arm/led_module.o
 .text.led_init
                0x0000000000000000       0x24 build/arm/led_module.o
 .comment       0x0000000000000000       0x39 build/arm/led_module.o
 .text          0x0000000000000000        0x0 build/arm/PID_controller.o
 .data          0x0000000000000000        0x0 build/arm/PID_controller.o
 .bss           0x0000000000000000        0x0 build/arm/PID_controller.o
 .debug_line    0x0000000000000000        0x0 build/arm/PID_controller.o
 .debug_str     0x0000000000000000       0xf3 build/arm/PID_controller.o
 .comment       0x0000000000000000       0x39 build/arm/PID_controller.o
 .ARM.attributes
                0x0000000000000000       0x37 build/arm/PID_controller.o
 .text          0x0000000000000000        0x0 build/arm/syscalls.o
 .data          0x0000000000000000        0x0 build/arm/syscalls.o
 .bss           0x0000000000000000        0x0 build/arm/syscalls.o
 .text._sbrk    0x0000000000000000       0x68 build/arm/syscalls.o
 .bss.heap_ptr.4326
                0x0000000000000000        0x4 build/arm/syscalls.o
 .comment       0x0000000000000000       0x39 build/arm/syscalls.o
 .text          0x0000000000000000        0x0 build/arm/xmc4_eru.o
 .data          0x0000000000000000        0x0 build/arm/xmc4_eru.o
 .bss           0x0000000000000000        0x0 build/arm/xmc4_eru.o
 .text.XMC_ERU_Enable
                0x0000000000000000       0x24 build/arm/xmc4_eru.o
 .text.XMC_ERU_Disable
                0x0000000000000000       0x24 build/arm/xmc4_eru.o
 .debug_info    0x0000000000000000      0x4ae build/arm/xmc4_eru.o
 .debug_abbrev  0x0000000000000000      0x13b build/arm/xmc4_eru.o
 .debug_loc     0x0000000000000000       0xa0 build/arm/xmc4_eru.o
 .debug_aranges
                0x0000000000000000       0x28 build/arm/xmc4_eru.o
 .debug_ranges  0x0000000000000000       0x18 build/arm/xmc4_eru.o
 .debug_line    0x0000000000000000      0x159 build/arm/xmc4_eru.o
 .debug_str     0x0000000000000000      0x5af build/arm/xmc4_eru.o
 .comment       0x0000000000000000       0x39 build/arm/xmc4_eru.o
 .debug_frame   0x0000000000000000       0x58 build/arm/xmc4_eru.o
 .ARM.attributes
                0x0000000000000000       0x37 build/arm/xmc4_eru.o
 .text          0x0000000000000000        0x0 build/arm/xmc4_flash.o
 .data          0x0000000000000000        0x0 build/arm/xmc4_flash.o
 .bss           0x0000000000000000        0x0 build/arm/xmc4_flash.o
 .text.XMC_FLASH_lEnterPageModeCommand
                0x0000000000000000       0x20 build/arm/xmc4_flash.o
 .text.XMC_FLASH_lLoadPageCommand
                0x0000000000000000       0x30 build/arm/xmc4_flash.o
 .text.XMC_FLASH_lWritePageCommand
                0x0000000000000000       0x44 build/arm/xmc4_flash.o
 .text.XMC_FLASH_lWriteUCBPageCommand
                0x0000000000000000       0x44 build/arm/xmc4_flash.o
 .text.XMC_FLASH_lEraseSectorCommand
                0x0000000000000000       0x58 build/arm/xmc4_flash.o
 .text.XMC_FLASH_lDisableSectorWriteProtectionCommand
                0x0000000000000000       0x64 build/arm/xmc4_flash.o
 .text.XMC_FLASH_lDisableReadProtectionCommand
[...]
Memory Configuration

Name             Origin             Length             Attributes
FLASH_1_cached   0x0000000008000000 0x0000000000100000 xr
FLASH_1_uncached 0x000000000c000000 0x0000000000100000 xr
PSRAM_1          0x0000000010000000 0x0000000000010000 !xr
DSRAM_1_system   0x0000000020000000 0x0000000000010000 !xr
DSRAM_2_comm     0x0000000030000000 0x0000000000008000 !xr
*default*        0x0000000000000000 0xffffffffffffffff

Linker script and memory map

LOAD build/arm/main.o
LOAD build/arm/led_module.o
LOAD build/arm/PID_controller.o
LOAD build/arm/syscalls.o
LOAD build/arm/xmc4_eru.o
LOAD build/arm/xmc4_flash.o
LOAD build/arm/xmc4_gpio.o
LOAD build/arm/xmc4_rtc.o
LOAD build/arm/xmc4_scu.o
LOAD build/arm/xmc_can.o
LOAD build/arm/xmc_ccu4.o
LOAD build/arm/xmc_ccu8.o
LOAD build/arm/xmc_common.o
LOAD build/arm/xmc_dac.o
LOAD build/arm/xmc_dma.o
LOAD build/arm/xmc_dsd.o
LOAD build/arm/xmc_ebu.o
LOAD build/arm/xmc_ecat.o
LOAD build/arm/xmc_eru.o
LOAD build/arm/xmc_eth_mac.o
LOAD build/arm/xmc_fce.o
LOAD build/arm/xmc_gpio.o
LOAD build/arm/xmc_hrpwm.o
LOAD build/arm/xmc_i2c.o
LOAD build/arm/xmc_i2s.o
LOAD build/arm/xmc_ledts.o
LOAD build/arm/xmc_posif.o
LOAD build/arm/xmc_rtc.o
LOAD build/arm/xmc_sdmmc.o
LOAD build/arm/xmc_spi.o
LOAD build/arm/xmc_uart.o
LOAD build/arm/xmc_usbd.o
LOAD build/arm/xmc_usic.o
LOAD build/arm/xmc_vadc.o
LOAD build/arm/xmc_wdt.o
LOAD build/arm/system_XMC4500.o
LOAD build/arm/startup_XMC4500.o
LOAD /usr/lib/gcc/arm-none-eabi/4.9.2/../../../../arm-none-eabi/lib/libm.a
START GROUP
LOAD /usr/lib/gcc/arm-none-eabi/4.9.2/libgcc.a
LOAD /usr/lib/gcc/arm-none-eabi/4.9.2/../../../../arm-none-eabi/lib/libg.a
LOAD /usr/lib/gcc/arm-none-eabi/4.9.2/../../../../arm-none-eabi/lib/libc.a
END GROUP
                0x0000000000000800                stack_size = 0x800

.text           0x0000000008000000      0x7a8 load address 0x000000000c000000
                0x0000000008000000                sText = .
 *(.reset)
 .reset         0x0000000008000000      0x2b2 build/arm/startup_XMC4500.o
                0x0000000008000000                __Vectors
                0x0000000008000200                Reset_Handler
                0x00000000080002b0                VADC0_C0_3_IRQHandler
                0x00000000080002b0                DSD0_7_IRQHandler
                0x00000000080002b0                DebugMon_Handler
                0x00000000080002b0                VADC0_C0_0_IRQHandler
                0x00000000080002b0                CAN0_4_IRQHandler
                0x00000000080002b0                VADC0_G2_0_IRQHandler
                0x00000000080002b0                USIC0_5_IRQHandler
                0x00000000080002b0                POSIF0_0_IRQHandler
                0x00000000080002b0                POSIF1_0_IRQHandler
                0x00000000080002b0                HardFault_Handler
                0x00000000080002b0                VADC0_G1_1_IRQHandler
                0x00000000080002b0                SysTick_Handler
                0x00000000080002b0                PendSV_Handler
                0x00000000080002b0                NMI_Handler
                0x00000000080002b0                USIC1_3_IRQHandler
                0x00000000080002b0                CCU40_2_IRQHandler
                0x00000000080002b0                SCU_0_IRQHandler
                0x00000000080002b0                ERU0_0_IRQHandler
                0x00000000080002b0                CCU41_0_IRQHandler
                0x00000000080002b0                USIC1_5_IRQHandler
                0x00000000080002b0                DSD0_4_IRQHandler
                0x00000000080002b0                CCU80_1_IRQHandler
                0x00000000080002b0                CCU81_0_IRQHandler
                0x00000000080002b0                UsageFault_Handler
                0x00000000080002b0                USIC0_0_IRQHandler
                0x00000000080002b0                POSIF1_1_IRQHandler
                0x00000000080002b0                ERU0_2_IRQHandler
                0x00000000080002b0                CCU81_1_IRQHandler
                0x00000000080002b0                ERU1_1_IRQHandler
                0x00000000080002b0                VADC0_G2_3_IRQHandler
                0x00000000080002b0                VADC0_G2_2_IRQHandler
                0x00000000080002b0                CCU42_3_IRQHandler
                0x00000000080002b0                ERU0_3_IRQHandler
                0x00000000080002b0                DSD0_5_IRQHandler
                0x00000000080002b0                CAN0_6_IRQHandler
                0x00000000080002b0                CCU43_0_IRQHandler
                0x00000000080002b0                VADC0_G0_1_IRQHandler
                0x00000000080002b0                CCU81_2_IRQHandler
                0x00000000080002b0                USIC2_4_IRQHandler
                0x00000000080002b0                CCU81_3_IRQHandler
                0x00000000080002b0                CCU42_1_IRQHandler
                0x00000000080002b0                USIC1_1_IRQHandler
                0x00000000080002b0                USIC2_5_IRQHandler
                0x00000000080002b0                CCU40_0_IRQHandler
                0x00000000080002b0                CAN0_0_IRQHandler
                0x00000000080002b0                ERU1_0_IRQHandler
                0x00000000080002b0                CCU42_2_IRQHandler
                0x00000000080002b0                Default_Handler
                0x00000000080002b0                USIC1_4_IRQHandler
                0x00000000080002b0                ERU1_3_IRQHandler
                0x00000000080002b0                USIC1_0_IRQHandler
                0x00000000080002b0                POSIF0_1_IRQHandler
                0x00000000080002b0                VADC0_G0_0_IRQHandler
                0x00000000080002b0                DSD0_2_IRQHandler
                0x00000000080002b0                CCU80_3_IRQHandler
                0x00000000080002b0                CCU41_3_IRQHandler
                0x00000000080002b0                CCU80_2_IRQHandler
                0x00000000080002b0                VADC0_G1_3_IRQHandler
                0x00000000080002b0                VADC0_G0_3_IRQHandler
                0x00000000080002b0                GPDMA0_0_IRQHandler
                0x00000000080002b0                PMU0_0_IRQHandler
                0x00000000080002b0                CAN0_7_IRQHandler
                0x00000000080002b0                DSD0_1_IRQHandler
                0x00000000080002b0                CCU41_2_IRQHandler
                0x00000000080002b0                VADC0_C0_1_IRQHandler
                0x00000000080002b0                CCU43_2_IRQHandler
                0x00000000080002b0                USIC2_2_IRQHandler
                0x00000000080002b0                MemManage_Handler
                0x00000000080002b0                VADC0_G3_1_IRQHandler
                0x00000000080002b0                DAC0_0_IRQHandler
                0x00000000080002b0                SVC_Handler
                0x00000000080002b0                VADC0_G3_3_IRQHandler
                0x00000000080002b0                ERU1_2_IRQHandler
                0x00000000080002b0                CCU41_1_IRQHandler
                0x00000000080002b0                DSD0_6_IRQHandler
                0x00000000080002b0                CCU43_1_IRQHandler
                0x00000000080002b0                VADC0_G1_2_IRQHandler
                0x00000000080002b0                USIC2_3_IRQHandler
                0x00000000080002b0                CAN0_2_IRQHandler
                0x00000000080002b0                USIC2_0_IRQHandler
                0x00000000080002b0                VADC0_G0_2_IRQHandler
                0x00000000080002b0                VADC0_G2_1_IRQHandler
                0x00000000080002b0                CAN0_3_IRQHandler
                0x00000000080002b0                ETH0_0_IRQHandler
                0x00000000080002b0                USIC0_3_IRQHandler
                0x00000000080002b0                DSD0_0_IRQHandler
                0x00000000080002b0                VADC0_C0_2_IRQHandler
                0x00000000080002b0                CCU42_0_IRQHandler
                0x00000000080002b0                FCE0_0_IRQHandler
                0x00000000080002b0                VADC0_G1_0_IRQHandler
                0x00000000080002b0                USB0_0_IRQHandler
                0x00000000080002b0                CAN0_5_IRQHandler
                0x00000000080002b0                CCU80_0_IRQHandler
                0x00000000080002b0                CCU40_1_IRQHandler
                0x00000000080002b0                USIC2_1_IRQHandler
                0x00000000080002b0                USIC0_1_IRQHandler
                0x00000000080002b0                VADC0_G3_2_IRQHandler
                0x00000000080002b0                CCU40_3_IRQHandler
                0x00000000080002b0                BusFault_Handler
                0x00000000080002b0                LEDTS0_0_IRQHandler
                0x00000000080002b0                USIC0_4_IRQHandler
                0x00000000080002b0                CCU43_3_IRQHandler
                0x00000000080002b0                ERU0_1_IRQHandler
                0x00000000080002b0                VADC0_G3_0_IRQHandler
                0x00000000080002b0                USIC1_2_IRQHandler
                0x00000000080002b0                DSD0_3_IRQHandler
                0x00000000080002b0                SDMMC0_0_IRQHandler
                0x00000000080002b0                CAN0_1_IRQHandler
                0x00000000080002b0                USIC0_2_IRQHandler
                0x00000000080002b0                DAC0_1_IRQHandler
                0x00000000080002b0                GPDMA1_0_IRQHandler
 *(.text .text.* .gnu.linkonce.t.*)
 *fill*         0x00000000080002b2        0x2 
 .text.wait     0x00000000080002b4       0x60 build/arm/main.o
                0x00000000080002b4                wait
 .text.main     0x0000000008000314       0x20 build/arm/main.o
                0x0000000008000314                main
 .text.XMC_GPIO_ToggleOutput
                0x0000000008000334       0x24 build/arm/led_module.o
 .text.led_toggle
                0x0000000008000358       0x20 build/arm/led_module.o
                0x0000000008000358                led_toggle
 .text._init    0x0000000008000378        0xc build/arm/syscalls.o
                0x0000000008000378                _init
 .text.delay    0x0000000008000384       0x28 build/arm/system_XMC4500.o
 .text.SystemInit
                0x00000000080003ac       0x20 build/arm/system_XMC4500.o
                0x00000000080003ac                SystemInit
 .text.SystemCoreSetup
                0x00000000080003cc       0x70 build/arm/system_XMC4500.o
                0x00000000080003cc                SystemCoreSetup
 .text.SystemCoreClockSetup
                0x000000000800043c      0x204 build/arm/system_XMC4500.o
                0x000000000800043c                SystemCoreClockSetup
 .text.SystemCoreClockUpdate
                0x0000000008000640       0xd4 build/arm/system_XMC4500.o
                0x0000000008000640                SystemCoreClockUpdate
 .text.OSCHP_GetFrequency
                0x0000000008000714       0x14 build/arm/system_XMC4500.o
                0x0000000008000714                OSCHP_GetFrequency
 .text          0x0000000008000728       0x80 /usr/lib/gcc/arm-none-eabi/4.9.2/../../../../arm-none-eabi/lib/libg.a(lib_a-init.o)
                0x0000000008000728                __libc_init_array
 *(.init)
 *(.fini)
 *crtbegin.o(.ctors)
 *crtbegin?.o(.ctors)
 *(EXCLUDE_FILE(*crtend.o *crtend?.o) .ctors)
 *(SORT(.ctors.*))
 *(.ctors)
 *crtbegin.o(.dtors)
 *crtbegin?.o(.dtors)
 *(EXCLUDE_FILE(*crtend.o *crtend?.o) .dtors)
 *(SORT(.dtors.*))
 *(.dtors)
 *(.rodata .rodata.*)
 *(.gnu.linkonce.r*)
                0x00000000080007a8                . = ALIGN (0x4)

.glue_7         0x00000000080007a8        0x0 load address 0x000000000c0007a8
 .glue_7        0x00000000080007a8        0x0 linker stubs

.glue_7t        0x00000000080007a8        0x0 load address 0x000000000c0007a8
 .glue_7t       0x00000000080007a8        0x0 linker stubs

.vfp11_veneer   0x00000000080007a8        0x0 load address 0x000000000c0007a8
 .vfp11_veneer  0x00000000080007a8        0x0 linker stubs

.v4_bx          0x00000000080007a8        0x0 load address 0x000000000c0007a8
 .v4_bx         0x00000000080007a8        0x0 linker stubs

.iplt           0x00000000080007a8        0x0 load address 0x000000000c0007a8
 .iplt          0x00000000080007a8        0x0 build/arm/main.o

.rel.dyn        0x00000000080007a8        0x0 load address 0x000000000c0007a8
 .rel.iplt      0x00000000080007a8        0x0 build/arm/main.o

.ARM.extab
 *(.ARM.extab* .gnu.linkonce.armextab.*)
                0x00000000080007a8                __exidx_start = .

.ARM.exidx
 *(.ARM.exidx* .gnu.linkonce.armexidx.*)
                0x00000000080007a8                __exidx_end = .

Stack           0x0000000010000000      0x800
                0x0000000010000000                __stack_start = .
                0x0000000010000800                . = (. + stack_size)
 *fill*         0x0000000010000000      0x800 
                0x0000000010000800                __stack_end = .
                0x0000000010000800                __initial_sp = .

.ram_code       0x0000000010000800        0x0 load address 0x000000000c0007a8
                0x0000000010000800                . = ALIGN (0x4)
                0x0000000010000800                __ram_code_start = .
 *(.ram_code)
                0x0000000010000800                __ram_code_end = .
                0x000000000c0007a8                __ram_code_load = LOADADDR (.ram_code)
                0x0000000000000000                __ram_code_size = (__ram_code_end - __ram_code_start)

PSRAM_DATA      0x0000000010000800        0x0 load address 0x000000000c0007a8
                0x0000000010000800                . = ALIGN (0x4)
                0x0000000010000800                __data3_start = .
 *(PSRAM_DATA)
                0x0000000010000800                __data3_end = .
                0x000000000c0007a8                __data3_load = LOADADDR (PSRAM_DATA)
                0x0000000000000000                __data3_size = (__data3_end - __data3_start)

PSRAM_BSS       0x0000000010000800        0x0 load address 0x000000000c0007a8
                0x0000000010000800                . = ALIGN (0x4)
                0x0000000010000800                __bss3_start = .
 *(PSRAM_BSS)
                0x0000000010000800                __bss3_end = .
                0x0000000010000800                . = ALIGN (0x8)
                0x0000000010000800                Heap_Bank3_Start = .
                0x0000000000000000                __bss3_size = (__bss3_end - __bss3_start)

.data           0x0000000020000000        0x0 load address 0x000000000c0007a8
                0x0000000020000000                . = ALIGN (0x4)
                0x0000000020000000                __data_start = .
 *(.data)
 *(.data*)
 *(*.data)
 *(.gnu.linkonce.d*)
                0x0000000020000000                . = ALIGN (0x4)
                0x0000000020000000                PROVIDE (__preinit_array_start, .)
 *(.preinit_array)
                0x0000000020000000                PROVIDE (__preinit_array_end, .)
                0x0000000020000000                . = ALIGN (0x4)
                0x0000000020000000                PROVIDE (__init_array_start, .)
 *(SORT(.init_array.*))
 *(.init_array)
                0x0000000020000000                PROVIDE (__init_array_end, .)
                0x0000000020000000                . = ALIGN (0x4)
                [!provide]                        PROVIDE (__fini_array_start, .)
 *(SORT(.fini_array.*))
 *(.fini_array)
                [!provide]                        PROVIDE (__fini_array_end, .)
                0x0000000020000000                __data_end = .
                0x000000000c0007a8                __data_load = LOADADDR (.data)
                0x0000000000000000                __data_size = (__data_end - __data_start)

.igot.plt       0x0000000020000000        0x0 load address 0x000000000c0007a8
 .igot.plt      0x0000000020000000        0x0 build/arm/main.o

.bss            0x0000000020000000        0x0 load address 0x000000000c0007a8
                0x0000000020000000                . = ALIGN (0x4)
                0x0000000020000000                __bss_start = .
 *(.bss)
 *(.bss*)
 *(COMMON)
 *(.gnu.linkonce.b*)
                0x0000000020000000                __bss_end = .
                0x0000000020000000                . = ALIGN (0x8)
                0x0000000020000000                Heap_Bank1_Start = .
                0x0000000000000000                __bss_size = (__bss_end - __bss_start)

.no_init        0x000000002000ffc0       0x14
                0x000000002000ffc0                Heap_Bank1_End = .
 *(.no_init)
 .no_init       0x000000002000ffc0       0x14 build/arm/system_XMC4500.o
                0x000000002000ffc0                SystemCoreClock
                0x000000002000ffc4                g_chipid

DSRAM2_DATA     0x0000000030000000        0x0 load address 0x000000000c0007a8
                0x0000000030000000                . = ALIGN (0x4)
                0x0000000030000000                __data2_start = .
 *(DSRAM2_DATA)
                0x0000000030000000                __data2_end = .
                0x000000000c0007a8                __data2_load = LOADADDR (DSRAM2_DATA)
                0x0000000000000000                __data2_size = (__data2_end - __data2_start)

DSRAM2_BSS      0x0000000030000000        0x0 load address 0x000000000c0007a8
                0x0000000030000000                . = ALIGN (0x4)
                0x0000000030000000                __bss2_start = .
 *(ETH_RAM)
 *(USB_RAM)
 *(DSRAM2_BSS)
                0x0000000030000000                __bss2_end = .
                0x0000000030000000                . = ALIGN (0x8)
                0x0000000030000000                Heap_Bank2_Start = .
                0x0000000000000000                __bss2_size = (__bss2_end - __bss2_start)
                0x000000000000ffc0                Heap_Bank1_Size = (Heap_Bank1_End - Heap_Bank1_Start)
                0x0000000000008000                Heap_Bank2_Size = (LENGTH (DSRAM_2_comm) - (Heap_Bank2_Start - ORIGIN (DSRAM_2_comm)))
                0x000000000000f800                Heap_Bank3_Size = (LENGTH (PSRAM_1) - (Heap_Bank3_Start - ORIGIN (PSRAM_1)))

/DISCARD/
 *(.comment)

.stab
 *(.stab)

.stabstr
 *(.stabstr)

.debug
 *(.debug)

.line
 *(.line)

.debug_srcinfo
 *(.debug_srcinfo)

.debug_sfnames
 *(.debug_sfnames)

.debug_aranges  0x0000000000000000      0x108
 *(.debug_aranges)
 .debug_aranges
                0x0000000000000000       0x28 build/arm/main.o
 .debug_aranges
                0x0000000000000028       0x30 build/arm/led_module.o
 .debug_aranges
                0x0000000000000058       0x28 build/arm/syscalls.o
 .debug_aranges
                0x0000000000000080       0x48 build/arm/system_XMC4500.o
 .debug_aranges
                0x00000000000000c8       0x20 build/arm/startup_XMC4500.o
 .debug_aranges
                0x00000000000000e8       0x20 /usr/lib/gcc/arm-none-eabi/4.9.2/../../../../arm-none-eabi/lib/libg.a(lib_a-init.o)

.debug_pubnames
 *(.debug_pubnames)

.debug_pubtypes
 *(.debug_pubtypes)

.debug_info     0x0000000000000000     0x108a
 *(.debug_info .gnu.linkonce.wi.*)
 .debug_info    0x0000000000000000      0x111 build/arm/main.o
 .debug_info    0x0000000000000111      0x43b build/arm/led_module.o
 .debug_info    0x000000000000054c      0x10b build/arm/syscalls.o
 .debug_info    0x0000000000000657      0x8d1 build/arm/system_XMC4500.o
 .debug_info    0x0000000000000f28       0x5d build/arm/startup_XMC4500.o
 .debug_info    0x0000000000000f85      0x105 /usr/lib/gcc/arm-none-eabi/4.9.2/../../../../arm-none-eabi/lib/libg.a(lib_a-init.o)

.debug_abbrev   0x0000000000000000      0x522
 *(.debug_abbrev)
 .debug_abbrev  0x0000000000000000       0xa3 build/arm/main.o
 .debug_abbrev  0x00000000000000a3      0x16b build/arm/led_module.o
 .debug_abbrev  0x000000000000020e       0xa5 build/arm/syscalls.o
 .debug_abbrev  0x00000000000002b3      0x1a1 build/arm/system_XMC4500.o
 .debug_abbrev  0x0000000000000454       0x14 build/arm/startup_XMC4500.o
 .debug_abbrev  0x0000000000000468       0xba /usr/lib/gcc/arm-none-eabi/4.9.2/../../../../arm-none-eabi/lib/libg.a(lib_a-init.o)

.debug_line     0x0000000000000000      0x64b
 *(.debug_line)
 .debug_line    0x0000000000000000       0xee build/arm/main.o
 .debug_line    0x00000000000000ee      0x139 build/arm/led_module.o
 .debug_line    0x0000000000000227       0x8f build/arm/syscalls.o
 .debug_line    0x00000000000002b6      0x224 build/arm/system_XMC4500.o
 .debug_line    0x00000000000004da       0x85 build/arm/startup_XMC4500.o
 .debug_line    0x000000000000055f       0xec /usr/lib/gcc/arm-none-eabi/4.9.2/../../../../arm-none-eabi/lib/libg.a(lib_a-init.o)

.debug_frame    0x0000000000000000      0x234
 *(.debug_frame)
 .debug_frame   0x0000000000000000       0x54 build/arm/main.o
 .debug_frame   0x0000000000000054       0x78 build/arm/led_module.o
 .debug_frame   0x00000000000000cc       0x54 build/arm/syscalls.o
 .debug_frame   0x0000000000000120       0xe0 build/arm/system_XMC4500.o
 .debug_frame   0x0000000000000200       0x34 /usr/lib/gcc/arm-none-eabi/4.9.2/../../../../arm-none-eabi/lib/libg.a(lib_a-init.o)

.debug_str      0x0000000000000000      0xbfc
 *(.debug_str)
 .debug_str     0x0000000000000000      0x164 build/arm/main.o
                                        0x1aa (size before relaxing)
 .debug_str     0x0000000000000164      0x59f build/arm/led_module.o
                                        0x730 (size before relaxing)
 .debug_str     0x0000000000000703       0x5e build/arm/syscalls.o
                                        0x1c5 (size before relaxing)
 .debug_str     0x0000000000000761      0x35c build/arm/system_XMC4500.o
                                        0x530 (size before relaxing)
 .debug_str     0x0000000000000abd      0x13f /usr/lib/gcc/arm-none-eabi/4.9.2/../../../../arm-none-eabi/lib/libg.a(lib_a-init.o)
                                        0x1d7 (size before relaxing)

.debug_loc      0x0000000000000000      0x43a
 *(.debug_loc)
 .debug_loc     0x0000000000000000       0x88 build/arm/main.o
 .debug_loc     0x0000000000000088       0xd8 build/arm/led_module.o
 .debug_loc     0x0000000000000160       0x94 build/arm/syscalls.o
 .debug_loc     0x00000000000001f4      0x1a4 build/arm/system_XMC4500.o
 .debug_loc     0x0000000000000398       0xa2 /usr/lib/gcc/arm-none-eabi/4.9.2/../../../../arm-none-eabi/lib/libg.a(lib_a-init.o)

.debug_macinfo
 *(.debug_macinfo)

.debug_ranges   0x0000000000000000       0x88
 *(.debug_ranges)
 .debug_ranges  0x0000000000000000       0x18 build/arm/main.o
 .debug_ranges  0x0000000000000018       0x20 build/arm/led_module.o
 .debug_ranges  0x0000000000000038       0x18 build/arm/syscalls.o
 .debug_ranges  0x0000000000000050       0x38 build/arm/system_XMC4500.o

.debug_weaknames
 *(.debug_weaknames)

.debug_funcnames
 *(.debug_funcnames)

.debug_typenames
 *(.debug_typenames)

.debug_varnames
 *(.debug_varnames)

.build_attributes
                0x0000000000000000      0x131
 *(.ARM.attributes)
 .ARM.attributes
                0x0000000000000000       0x37 build/arm/main.o
 .ARM.attributes
                0x0000000000000037       0x37 build/arm/led_module.o
 .ARM.attributes
                0x000000000000006e       0x37 build/arm/syscalls.o
 .ARM.attributes
                0x00000000000000a5       0x37 build/arm/system_XMC4500.o
 .ARM.attributes
                0x00000000000000dc       0x25 build/arm/startup_XMC4500.o
 .ARM.attributes
                0x0000000000000101       0x30 /usr/lib/gcc/arm-none-eabi/4.9.2/../../../../arm-none-eabi/lib/libg.a(lib_a-init.o)
OUTPUT(build/arm/arm.elf elf32-littlearm)
